--- INQUIRY RECEIVED: 2026-05-15 05:15:51 ---
From: Test User <test@example.com>
Budget: 5k-10k
Directive: hello sir
---------------------------------------

--- INQUIRY RECEIVED: 2026-05-15 05:16:31 ---
From: hasnoan <pythonking19@gmail.com>
Budget: 1k-5k
Directive: jsdh
---------------------------------------

--- INQUIRY RECEIVED: 2026-05-15 05:23:36 ---
From: dfg <muhammad825hasnain@gmail.com>
Budget: 10k-25k
Directive: rasdfar
---------------------------------------

--- INQUIRY RECEIVED: 2026-05-15 05:42:08 ---
From: hasnoan <hussainhashim539@gmail.com>
Budget: 1k-5k
Directive: gfrtr
---------------------------------------

--- INQUIRY RECEIVED: 2026-05-15 05:54:03 ---
From: makki khan <khanmaki9932@gmail.com>
Budget: 25k+
Directive: i want ai fully integrated software for my industry
---------------------------------------

--- INQUIRY RECEIVED: 2026-05-15 06:07:16 ---
From: makki khan <pythonking19@gmail.com>
Budget: 1k-5k
Directive: esd
---------------------------------------

--- INQUIRY RECEIVED: 2026-05-25 04:13:32 ---
From: hasnain khan <pythonking19@gmail.com>
Budget: 25k+
Directive: hello sir
---------------------------------------

--- INQUIRY RECEIVED: 2026-07-16 10:12:56 ---
From: Test User <test@example.com>
Budget: 5k-10k
Directive: Hello sir, this is a test to verify if email goes to destination.
---------------------------------------

